[INFO] Scanning for projects...
[INFO] 
[INFO] ------------------------< com.revature:RevShop >------------------------
[INFO] Building RevShop 0.0.1-SNAPSHOT
[INFO]   from pom.xml
[INFO] --------------------------------[ jar ]---------------------------------
[INFO] 
[INFO] --- resources:3.3.1:resources (default-resources) @ RevShop ---
[INFO] Copying 1 resource from src\main\resources to target\classes
[INFO] Copying 0 resource from src\main\resources to target\classes
[INFO] 
[INFO] --- compiler:3.11.0:compile (default-compile) @ RevShop ---
[INFO] Changes detected - recompiling the module! :source
[INFO] Compiling 99 source files with javac [debug release 21] to target\classes
[INFO] /C:/Users/khyathi/RevShop/src/main/java/com/revature/revshop/security/JwtUtil.java: Some input files use or override a deprecated API.
[INFO] /C:/Users/khyathi/RevShop/src/main/java/com/revature/revshop/security/JwtUtil.java: Recompile with -Xlint:deprecation for details.
[INFO] -------------------------------------------------------------
[ERROR] COMPILATION ERROR : 
[INFO] -------------------------------------------------------------
[ERROR] /C:/Users/khyathi/RevShop/src/main/java/com/revature/revshop/controller/UserController.java:[49,33] incompatible types: inference variable T has incompatible bounds
    equality constraints: com.revature.revshop.dto.ApiResponse<com.revature.revshop.dto.UserDTO>
    lower bounds: com.revature.revshop.dto.UserDTO
[INFO] 1 error
[INFO] -------------------------------------------------------------
[INFO] ------------------------------------------------------------------------
[INFO] BUILD FAILURE
[INFO] ------------------------------------------------------------------------
[INFO] Total time:  5.397 s
[INFO] Finished at: 2026-03-01T23:37:11+05:30
[INFO] ------------------------------------------------------------------------
[ERROR] Failed to execute goal org.apache.maven.plugins:maven-compiler-plugin:3.11.0:compile (default-compile) on project RevShop: Compilation failure
[ERROR] /C:/Users/khyathi/RevShop/src/main/java/com/revature/revshop/controller/UserController.java:[49,33] incompatible types: inference variable T has incompatible bounds
[ERROR]     equality constraints: com.revature.revshop.dto.ApiResponse<com.revature.revshop.dto.UserDTO>
[ERROR]     lower bounds: com.revature.revshop.dto.UserDTO
[ERROR] 
[ERROR] -> [Help 1]
[ERROR] 
[ERROR] To see the full stack trace of the errors, re-run Maven with the -e switch.
[ERROR] Re-run Maven using the -X switch to enable full debug logging.
[ERROR] 
[ERROR] For more information about the errors and possible solutions, please read the following articles:
[ERROR] [Help 1] http://cwiki.apache.org/confluence/display/MAVEN/MojoFailureException
