[INFO] Scanning for projects...
[INFO] 
[INFO] ------------------------< com.revature:RevShop >------------------------
[INFO] Building RevShop 0.0.1-SNAPSHOT
[INFO]   from pom.xml
[INFO] --------------------------------[ jar ]---------------------------------
[INFO] 
[INFO] --- clean:3.5.0:clean (default-clean) @ RevShop ---
[INFO] Deleting C:\Users\bhara\OneDrive\Documents\RevShop\target
[INFO] 
[INFO] --- resources:3.3.1:resources (default-resources) @ RevShop ---
[INFO] Copying 1 resource from src\main\resources to target\classes
[INFO] Copying 0 resource from src\main\resources to target\classes
[INFO] 
[INFO] --- compiler:3.14.1:compile (default-compile) @ RevShop ---
[INFO] Recompiling the module because of changed source code.
[INFO] Compiling 39 source files with javac [debug parameters release 21] to target\classes
[INFO] ------------------------------------------------------------------------
[INFO] BUILD SUCCESS
[INFO] ------------------------------------------------------------------------
[INFO] Total time:  3.944 s
[INFO] Finished at: 2026-02-12T19:43:05+05:30
[INFO] ------------------------------------------------------------------------
