[INFO] Scanning for projects...
[INFO] 
[INFO] ------------------------< com.revature:RevShop >------------------------
[INFO] Building RevShop 0.0.1-SNAPSHOT
[INFO]   from pom.xml
[INFO] --------------------------------[ jar ]---------------------------------
[INFO] 
[INFO] --- resources:3.3.1:resources (default-resources) @ RevShop ---
[INFO] Copying 1 resource from src\main\resources to target\classes
[INFO] Copying 0 resource from src\main\resources to target\classes
[INFO] 
[INFO] --- compiler:3.11.0:compile (default-compile) @ RevShop ---
[INFO] Changes detected - recompiling the module! :source
[INFO] Compiling 99 source files with javac [debug release 21] to target\classes
[INFO] /C:/Users/khyathi/RevShop/src/main/java/com/revature/revshop/security/JwtUtil.java: Some input files use or override a deprecated API.
[INFO] /C:/Users/khyathi/RevShop/src/main/java/com/revature/revshop/security/JwtUtil.java: Recompile with -Xlint:deprecation for details.
[INFO] 
[INFO] --- resources:3.3.1:testResources (default-testResources) @ RevShop ---
[INFO] skip non existing resourceDirectory C:\Users\khyathi\RevShop\src\test\resources
[INFO] 
[INFO] --- compiler:3.11.0:testCompile (default-testCompile) @ RevShop ---
[INFO] Changes detected - recompiling the module! :dependency
[INFO] Compiling 14 source files with javac [debug release 21] to target\test-classes
[INFO] 
[INFO] --- surefire:3.1.2:test (default-test) @ RevShop ---
[INFO] Using auto detected provider org.apache.maven.surefire.junitplatform.JUnitPlatformProvider
Downloading from central: https://repo.maven.apache.org/maven2/org/junit/platform/junit-platform-launcher/1.10.2/junit-platform-launcher-1.10.2.pom
Progress (1): 967 B
Progress (1): 2.5 kB
Progress (1): 3.0 kB
                    
Downloaded from central: https://repo.maven.apache.org/maven2/org/junit/platform/junit-platform-launcher/1.10.2/junit-platform-launcher-1.10.2.pom (3.0 kB at 4.7 kB/s)
Downloading from central: https://repo.maven.apache.org/maven2/org/junit/platform/junit-platform-launcher/1.10.2/junit-platform-launcher-1.10.2.jar
Progress (1): 0.9/184 kB
Progress (1): 2.3/184 kB
Progress (1): 3.6/184 kB
Progress (1): 5.0/184 kB
Progress (1): 6.4/184 kB
Progress (1): 7.7/184 kB
Progress (1): 9.1/184 kB
Progress (1): 10/184 kB 
Progress (1): 12/184 kB
Progress (1): 13/184 kB
Progress (1): 14/184 kB
Progress (1): 16/184 kB
Progress (1): 17/184 kB
Progress (1): 18/184 kB
Progress (1): 20/184 kB
Progress (1): 21/184 kB
Progress (1): 23/184 kB
Progress (1): 24/184 kB
Progress (1): 25/184 kB
Progress (1): 27/184 kB
Progress (1): 28/184 kB
Progress (1): 29/184 kB
Progress (1): 31/184 kB
Progress (1): 32/184 kB
Progress (1): 33/184 kB
Progress (1): 35/184 kB
Progress (1): 36/184 kB
Progress (1): 38/184 kB
Progress (1): 39/184 kB
Progress (1): 40/184 kB
Progress (1): 42/184 kB
Progress (1): 43/184 kB
Progress (1): 44/184 kB
Progress (1): 46/184 kB
Progress (1): 47/184 kB
Progress (1): 49/184 kB
Progress (1): 50/184 kB
Progress (1): 51/184 kB
Progress (1): 56/184 kB
Progress (1): 60/184 kB
Progress (1): 64/184 kB
Progress (1): 68/184 kB
Progress (1): 72/184 kB
Progress (1): 77/184 kB
Progress (1): 81/184 kB
Progress (1): 85/184 kB
Progress (1): 89/184 kB
Progress (1): 94/184 kB
Progress (1): 98/184 kB
Progress (1): 102/184 kB
Progress (1): 106/184 kB
Progress (1): 110/184 kB
Progress (1): 115/184 kB
Progress (1): 119/184 kB
Progress (1): 123/184 kB
Progress (1): 127/184 kB
Progress (1): 131/184 kB
Progress (1): 135/184 kB
Progress (1): 140/184 kB
Progress (1): 144/184 kB
Progress (1): 148/184 kB
Progress (1): 152/184 kB
Progress (1): 156/184 kB
Progress (1): 161/184 kB
Progress (1): 165/184 kB
Progress (1): 169/184 kB
Progress (1): 173/184 kB
Progress (1): 178/184 kB
Progress (1): 182/184 kB
Progress (1): 184 kB    
                    
Downloaded from central: https://repo.maven.apache.org/maven2/org/junit/platform/junit-platform-launcher/1.10.2/junit-platform-launcher-1.10.2.jar (184 kB at 668 kB/s)
[INFO] 
[INFO] -------------------------------------------------------
[INFO]  T E S T S
[INFO] -------------------------------------------------------
[INFO] Running com.revature.revshop.service.PaymentsServiceTest
.\mvnw.cmd : WARNING: 
A Java agent has been 
loaded dynamically (C:\
Users\khyathi\.m2\repos
itory\net\bytebuddy\byt
e-buddy-agent\1.14.12\b
yte-buddy-agent-1.14.12
.jar)
At line:1 char:1
+ .\mvnw.cmd test -Dtes
t=PaymentsServiceTest 
2>&1 | Out-File 
-FilePath  ...
+ ~~~~~~~~~~~~~~~~~~~~~
~~~~~~~~~~~~~~~~~~~~~~~
~~~
    + CategoryInfo     
         : NotSpecifi  
  ed: (WARNING: A Ja   
 va...nt-1.14.12.ja    
r):String) [], Rem    
oteException
    + FullyQualifiedEr 
   rorId : NativeComm  
  andError
 
WARNING: If a 
serviceability tool is 
in use, please run 
with -XX:+EnableDynamic
AgentLoading to hide 
this warning
WARNING: If a 
serviceability tool is 
not in use, please run 
with -Djdk.instrument.t
raceUsage for more 
information
WARNING: Dynamic 
loading of agents will 
be disallowed by 
default in a future 
release
Java HotSpot(TM) 
64-Bit Server VM 
warning: Sharing is 
only supported for 
boot loader classes 
because bootstrap 
classpath has been 
appended
[INFO] Tests run: 14, Failures: 0, Errors: 0, Skipped: 0, Time elapsed: 2.314 s -- in com.revature.revshop.service.PaymentsServiceTest
[INFO] 
[INFO] Results:
[INFO] 
[INFO] Tests run: 14, Failures: 0, Errors: 0, Skipped: 0
[INFO] 
[INFO] ------------------------------------------------------------------------
[INFO] BUILD SUCCESS
[INFO] ------------------------------------------------------------------------
[INFO] Total time:  11.713 s
[INFO] Finished at: 2026-03-01T23:56:41+05:30
[INFO] ------------------------------------------------------------------------
